Step 1/5 : FROM alpine:latest
 ---> 3fd9065eaf02
Step 2/5 : COPY iterate /usr/local/bin/iterate
